; print_str:
0 - 60210E00FFFFFFF0 - LINK.l #4294967280, A6
8 - 01061E00FFFFFFFC - MOVE.l D1, -4(A6)
16 - 01062E00FFFFFFF8 - MOVE.l D2, -8(A6)
24 - 02118900 - MOVEA.l A0, A1
28 - 01409100 - MOVE.l (A1)+, D1
32 - 0120020000000000 - MOVE.l #0, D2
; print_str_loop:
40 - 14001200 - CMP.l D1, D2
44 - 552F000000000054 - BGE @84
52 - 01409000 - MOVE.l (A1)+, D0
56 - 02210D00FFFF0004 - MOVEA.l #4294901764, A5
64 - 01030D00 - MOVE.l D0, (A5)
68 - 1020020000000001 - ADD.l #1, D2
76 - 402F000000000028 - JMP @40
; print_str_done:
84 - 0160E100FFFFFFFC - MOVE.l -4(A6), D1
92 - 0160E200FFFFFFF8 - MOVE.l -8(A6), D2
100 - 611FE000 - unlk A6
104 - 42FF0000 - rts
; read_line:
108 - 60210E00FFFFFFF0 - LINK.l #4294967280, A6
116 - 01061E00FFFFFFFC - MOVE.l D1, -4(A6)
124 - 01062E00FFFFFFF8 - MOVE.l D2, -8(A6)
132 - 02118900 - MOVEA.l A0, A1
136 - 1021090000000004 - ADD.l #4, A1
144 - 0120010000000000 - MOVE.l #0, D1
; read_line_loop:
152 - 1420010000000040 - CMP.l #64, D1
160 - 552F0000000000E8 - BGE @232
168 - 02210D00FFFF0000 - MOVEA.l #4294901760, A5
176 - 0130D200 - MOVE.l (A5), D2
180 - 14200200FFFFFFFF - CMP.l #4294967295, D2
188 - 502F0000000000E8 - BEQ @232
196 - 142002000000000A - CMP.l #10, D2
204 - 502F0000000000E8 - BEQ @232
212 - 01042900 - MOVE.l D2, (A1)+
216 - 1020010000000001 - ADD.l #1, D1
224 - 402F000000000098 - JMP @152
; read_line_store:
232 - 01031800 - MOVE.l D1, (A0)
236 - 01001000 - MOVE.l D1, D0
240 - 0160E100FFFFFFFC - MOVE.l -4(A6), D1
248 - 0160E200FFFFFFF8 - MOVE.l -8(A6), D2
256 - 611FE000 - unlk A6
260 - 42FF0000 - rts
; main:
264 - 60210E0000000000 - LINK.l #0, A6
272 - 0221080000000000 - MOVEA.l #0, A0
280 - 412F000000000000 - JSR @0
288 - 02210800000000C4 - MOVEA.l #196, A0
296 - 412F00000000006C - JSR @108
304 - 1420000000000000 - CMP.l #0, D0
312 - 502F000000000178 - BEQ @376
320 - 0221080000000050 - MOVEA.l #80, A0
328 - 412F000000000000 - JSR @0
336 - 02210800000000C4 - MOVEA.l #196, A0
344 - 412F000000000000 - JSR @0
352 - 0221080000000070 - MOVEA.l #112, A0
360 - 412F000000000000 - JSR @0
368 - 402F000000000188 - JMP @392
; say_stranger:
376 - 022108000000007C - MOVEA.l #124, A0
384 - 412F000000000000 - JSR @0
; main_done
392 - 611FE000 - unlk A6
396 - FFFF0000 - halt
